2025-12-05 08:03:41 - INFO - Processing started.
2025-12-05 08:03:47 - INFO - Fetched and filtered 29 events for sport: americanfootball_nfl
2025-12-05 08:03:48 - INFO - Stored props for event ID: f0bdd27bbed46dfc3d0657500c95a96c
2025-12-05 08:03:48 - WARNING - Pinnacle data not found for event.
2025-12-05 08:03:48 - INFO - Stored props for event ID: 4fead7bd0592ec121cc3baf72e3e21e0
2025-12-05 08:03:48 - WARNING - Pinnacle data not found for event.
2025-12-05 08:03:49 - INFO - Stored props for event ID: c67c327076a98a3a1c4a5eb32e5a80c2
2025-12-05 08:03:49 - WARNING - Pinnacle data not found for event.
2025-12-05 08:03:49 - INFO - Stored props for event ID: f95be6b9bd8ce1208f766cbaae8a4822
2025-12-05 08:03:49 - WARNING - Pinnacle data not found for event.
2025-12-05 08:03:50 - INFO - Stored props for event ID: 4e289ac7d9b5663fd5a06881f2b1424d
2025-12-05 08:03:50 - WARNING - Pinnacle data not found for event.
2025-12-05 08:03:50 - INFO - Stored props for event ID: c86a0783216d21040c87fce3aadd3336
2025-12-05 08:03:50 - WARNING - Pinnacle data not found for event.
2025-12-05 08:03:51 - INFO - Stored props for event ID: 58b16c4033587f5662ff365bce2dbb92
2025-12-05 08:03:51 - WARNING - Pinnacle data not found for event.
2025-12-05 08:03:51 - INFO - Stored props for event ID: 15555b4c7283dc6553e011dd6c8aea8d
2025-12-05 08:03:51 - WARNING - Pinnacle data not found for event.
2025-12-05 08:03:52 - INFO - Stored props for event ID: d5fd126cbfea2ccd79962a17f0ef4463
2025-12-05 08:03:52 - WARNING - Pinnacle data not found for event.
2025-12-05 08:03:52 - INFO - Stored props for event ID: 12bbffdcd65d53436b56c68a811ca610
2025-12-05 08:03:52 - WARNING - Pinnacle data not found for event.
2025-12-05 08:03:53 - INFO - Stored props for event ID: 5b1211b476d0afa2b57133c9603583b6
2025-12-05 08:03:53 - WARNING - Pinnacle data not found for event.
2025-12-05 08:03:54 - INFO - Stored props for event ID: 4727a6cfcd3d604dbfcb898c5a4d40a6
2025-12-05 08:03:54 - WARNING - Pinnacle data not found for event.
2025-12-05 08:03:54 - INFO - Stored props for event ID: 5d7b12c34454df4ff2c59a15ca58e63f
2025-12-05 08:03:54 - WARNING - Pinnacle data not found for event.
2025-12-05 08:03:55 - INFO - Stored props for event ID: 08bfd9cd8115339250817cc66a8b3cba
2025-12-05 08:03:55 - WARNING - Pinnacle data not found for event.
2025-12-05 08:03:55 - INFO - Stored props for event ID: a360e4c43576d22057ff90d818928066
2025-12-05 08:03:55 - WARNING - Pinnacle data not found for event.
2025-12-05 08:03:56 - INFO - Stored props for event ID: 1aa1fb046f11dadb32dad77d5baf552e
2025-12-05 08:03:56 - WARNING - Pinnacle data not found for event.
2025-12-05 08:03:56 - INFO - Stored props for event ID: c127c7a2426ec655e18ca9c394068f6c
2025-12-05 08:03:56 - WARNING - Pinnacle data not found for event.
2025-12-05 08:03:57 - INFO - Stored props for event ID: 8261541e6b9b32537bd0821ef2c0a05d
2025-12-05 08:03:57 - WARNING - Pinnacle data not found for event.
2025-12-05 08:03:57 - INFO - Stored props for event ID: 0f0601c020a478f5d9f81f06a141c2c8
2025-12-05 08:03:57 - WARNING - Pinnacle data not found for event.
2025-12-05 08:03:58 - INFO - Stored props for event ID: cd5151f8a1e7fcba4901929e77b94acd
2025-12-05 08:03:58 - WARNING - Pinnacle data not found for event.
2025-12-05 08:03:58 - INFO - Stored props for event ID: 813dab51d999b87c7968ac4890965f73
2025-12-05 08:03:58 - WARNING - Pinnacle data not found for event.
2025-12-05 08:03:59 - INFO - Stored props for event ID: 3aba4bb1fe41ecd45f934116fcc90c3f
2025-12-05 08:03:59 - WARNING - Pinnacle data not found for event.
2025-12-05 08:03:59 - INFO - Stored props for event ID: f3fd2782d4d03bd12a177fbbad17005b
2025-12-05 08:03:59 - WARNING - Pinnacle data not found for event.
2025-12-05 08:04:00 - INFO - Stored props for event ID: 2ec8a387d0c337aeffac3f956c292e87
2025-12-05 08:04:00 - WARNING - Pinnacle data not found for event.
2025-12-05 08:04:00 - INFO - Stored props for event ID: bd299b70476643cff05f2be58e12301a
2025-12-05 08:04:00 - WARNING - Pinnacle data not found for event.
2025-12-05 08:04:01 - INFO - Stored props for event ID: f7343baf47dcf23e672799d00788173d
2025-12-05 08:04:01 - WARNING - Pinnacle data not found for event.
2025-12-05 08:04:01 - INFO - Stored props for event ID: 7ba03312d1012d9872de9999e496558f
2025-12-05 08:04:01 - WARNING - Pinnacle data not found for event.
2025-12-05 08:04:02 - INFO - Stored props for event ID: 3c74ebd1d005a7346c182daf6f7279dd
2025-12-05 08:04:02 - WARNING - Pinnacle data not found for event.
2025-12-05 08:04:02 - INFO - Stored props for event ID: ba5d065a7e9ea9afe54642036f2ec83a
2025-12-05 08:04:02 - WARNING - Pinnacle data not found for event.
2025-12-05 08:04:02 - INFO - HTML file with combined bets has been saved as 'index.html'
2025-12-05 08:04:02 - INFO - Excel file 'player_props.xlsx' has been created with filters, sorting, and adjusted column widths.
2025-12-05 08:04:02 - INFO - Processing completed in 0:00:21.561753.
2025-12-05 08:04:02 - INFO - Quota Used: 143
2025-12-12 09:33:53 - INFO - Processing started.
2025-12-12 09:34:01 - INFO - Fetched and filtered 31 events for sport: americanfootball_nfl
2025-12-12 09:34:02 - INFO - Stored props for event ID: a360e4c43576d22057ff90d818928066
2025-12-12 09:34:02 - WARNING - Pinnacle data not found for event.
2025-12-12 09:34:02 - INFO - Stored props for event ID: 1aa1fb046f11dadb32dad77d5baf552e
2025-12-12 09:34:02 - WARNING - Pinnacle data not found for event.
2025-12-12 09:34:03 - INFO - Stored props for event ID: c127c7a2426ec655e18ca9c394068f6c
2025-12-12 09:34:03 - WARNING - Pinnacle data not found for event.
2025-12-12 09:34:04 - INFO - Stored props for event ID: 8261541e6b9b32537bd0821ef2c0a05d
2025-12-12 09:34:04 - WARNING - Pinnacle data not found for event.
2025-12-12 09:34:04 - INFO - Stored props for event ID: 0f0601c020a478f5d9f81f06a141c2c8
2025-12-12 09:34:04 - WARNING - Pinnacle data not found for event.
2025-12-12 09:34:05 - INFO - Stored props for event ID: cd5151f8a1e7fcba4901929e77b94acd
2025-12-12 09:34:05 - WARNING - Pinnacle data not found for event.
2025-12-12 09:34:05 - INFO - Stored props for event ID: 813dab51d999b87c7968ac4890965f73
2025-12-12 09:34:05 - WARNING - Pinnacle data not found for event.
2025-12-12 09:34:06 - INFO - Stored props for event ID: 3aba4bb1fe41ecd45f934116fcc90c3f
2025-12-12 09:34:06 - WARNING - Pinnacle data not found for event.
2025-12-12 09:34:07 - INFO - Stored props for event ID: f3fd2782d4d03bd12a177fbbad17005b
2025-12-12 09:34:07 - WARNING - Pinnacle data not found for event.
2025-12-12 09:34:08 - INFO - Stored props for event ID: 2ec8a387d0c337aeffac3f956c292e87
2025-12-12 09:34:08 - WARNING - Pinnacle data not found for event.
2025-12-12 09:34:08 - INFO - Stored props for event ID: bd299b70476643cff05f2be58e12301a
2025-12-12 09:34:08 - WARNING - Pinnacle data not found for event.
2025-12-12 09:34:09 - INFO - Stored props for event ID: f7343baf47dcf23e672799d00788173d
2025-12-12 09:34:09 - WARNING - Pinnacle data not found for event.
2025-12-12 09:34:10 - INFO - Stored props for event ID: 7ba03312d1012d9872de9999e496558f
2025-12-12 09:34:10 - WARNING - Pinnacle data not found for event.
2025-12-12 09:34:10 - INFO - Stored props for event ID: 3c74ebd1d005a7346c182daf6f7279dd
2025-12-12 09:34:10 - WARNING - Pinnacle data not found for event.
2025-12-12 09:34:11 - INFO - Stored props for event ID: ba5d065a7e9ea9afe54642036f2ec83a
2025-12-12 09:34:11 - WARNING - Pinnacle data not found for event.
2025-12-12 09:34:12 - INFO - Stored props for event ID: ac7881cc5a498c5b72680498d3fa8f6e
2025-12-12 09:34:12 - WARNING - Pinnacle data not found for event.
2025-12-12 09:34:12 - INFO - Stored props for event ID: 18fe4528a0bc43d9cd64bd09c0d5019f
2025-12-12 09:34:12 - WARNING - Pinnacle data not found for event.
2025-12-12 09:34:13 - INFO - Stored props for event ID: 9f70d98bc6918dc8e21f329405b649fe
2025-12-12 09:34:13 - WARNING - Pinnacle data not found for event.
2025-12-12 09:34:13 - INFO - Stored props for event ID: 2557976e0e66ab698539b543de125469
2025-12-12 09:34:13 - WARNING - Pinnacle data not found for event.
2025-12-12 09:34:14 - INFO - Stored props for event ID: d056f31082bdea4d018a26ba274b8430
2025-12-12 09:34:14 - WARNING - Pinnacle data not found for event.
2025-12-12 09:34:15 - INFO - Stored props for event ID: 945286798abb5081432aef109df29778
2025-12-12 09:34:15 - WARNING - Pinnacle data not found for event.
2025-12-12 09:34:15 - INFO - Stored props for event ID: aa9d0cf732b6adde4ad3ec04ca79825c
2025-12-12 09:34:15 - WARNING - Pinnacle data not found for event.
2025-12-12 09:34:16 - INFO - Stored props for event ID: 0cce34b9a49c4c6bdc1e65449e37a0f9
2025-12-12 09:34:16 - WARNING - Pinnacle data not found for event.
2025-12-12 09:34:17 - INFO - Stored props for event ID: 3db6ba91d2a72ada8843d5a0517bff27
2025-12-12 09:34:17 - WARNING - Pinnacle data not found for event.
2025-12-12 09:34:17 - INFO - Stored props for event ID: aa5b25e85d1ad6540d7a5ae04b73ddfd
2025-12-12 09:34:17 - WARNING - Pinnacle data not found for event.
2025-12-12 09:34:18 - INFO - Stored props for event ID: 7d71a0d3cc2a04eb35f1a725104217b5
2025-12-12 09:34:18 - WARNING - Pinnacle data not found for event.
2025-12-12 09:34:19 - INFO - Stored props for event ID: 93c002f0a42d1b57f3bbabdcfe24ab97
2025-12-12 09:34:19 - WARNING - Pinnacle data not found for event.
2025-12-12 09:34:19 - INFO - Stored props for event ID: a03f89d3aaadf737deb09be24986d5bf
2025-12-12 09:34:19 - WARNING - Pinnacle data not found for event.
2025-12-12 09:34:20 - INFO - Stored props for event ID: 47a54fb60f7b79179bc80e18a7c5de81
2025-12-12 09:34:20 - WARNING - Pinnacle data not found for event.
2025-12-12 09:34:21 - INFO - Stored props for event ID: a0476b027679a1670f21e8b75a860ab9
2025-12-12 09:34:21 - WARNING - Pinnacle data not found for event.
2025-12-12 09:34:21 - INFO - Stored props for event ID: 2dd4521ee298fa2c6f0ab009c182aae9
2025-12-12 09:34:21 - WARNING - Pinnacle data not found for event.
2025-12-12 09:34:21 - INFO - HTML file with combined bets has been saved as 'index.html'
2025-12-12 09:34:21 - INFO - Excel file 'player_props.xlsx' has been created with filters, sorting, and adjusted column widths.
2025-12-12 09:34:21 - INFO - Processing completed in 0:00:27.929660.
2025-12-12 09:34:21 - INFO - Quota Used: 161
2025-12-19 10:14:43 - INFO - Processing started.
2025-12-19 10:14:50 - INFO - Fetched and filtered 31 events for sport: americanfootball_nfl
2025-12-19 10:14:51 - ERROR - Other error occurred while fetching props for event ID 18fe4528a0bc43d9cd64bd09c0d5019f: ('Connection aborted.', RemoteDisconnected('Remote end closed connection without response'))
2025-12-19 10:14:51 - ERROR - Other error occurred while fetching props for event ID 9f70d98bc6918dc8e21f329405b649fe: ('Connection aborted.', ConnectionResetError(10054, 'An existing connection was forcibly closed by the remote host', None, 10054, None))
2025-12-19 10:14:52 - INFO - Stored props for event ID: 2557976e0e66ab698539b543de125469
2025-12-19 10:14:52 - WARNING - Pinnacle data not found for event.
2025-12-19 10:14:53 - INFO - Stored props for event ID: d056f31082bdea4d018a26ba274b8430
2025-12-19 10:14:53 - WARNING - Pinnacle data not found for event.
2025-12-19 10:14:53 - ERROR - Other error occurred while fetching props for event ID 945286798abb5081432aef109df29778: ('Connection aborted.', ConnectionResetError(10054, 'An existing connection was forcibly closed by the remote host', None, 10054, None))
2025-12-19 10:14:54 - INFO - Stored props for event ID: aa9d0cf732b6adde4ad3ec04ca79825c
2025-12-19 10:14:54 - WARNING - Pinnacle data not found for event.
2025-12-19 10:14:54 - ERROR - Other error occurred while fetching props for event ID 0cce34b9a49c4c6bdc1e65449e37a0f9: ('Connection aborted.', ConnectionResetError(10054, 'An existing connection was forcibly closed by the remote host', None, 10054, None))
2025-12-19 10:14:55 - ERROR - Other error occurred while fetching props for event ID 3db6ba91d2a72ada8843d5a0517bff27: ('Connection aborted.', ConnectionResetError(10054, 'An existing connection was forcibly closed by the remote host', None, 10054, None))
2025-12-19 10:14:55 - ERROR - Other error occurred while fetching props for event ID aa5b25e85d1ad6540d7a5ae04b73ddfd: ('Connection aborted.', ConnectionResetError(10054, 'An existing connection was forcibly closed by the remote host', None, 10054, None))
2025-12-19 10:14:56 - ERROR - Other error occurred while fetching props for event ID 7d71a0d3cc2a04eb35f1a725104217b5: ('Connection aborted.', ConnectionResetError(10054, 'An existing connection was forcibly closed by the remote host', None, 10054, None))
2025-12-19 10:14:56 - INFO - Stored props for event ID: 93c002f0a42d1b57f3bbabdcfe24ab97
2025-12-19 10:14:56 - WARNING - Pinnacle data not found for event.
2025-12-19 10:14:57 - ERROR - Other error occurred while fetching props for event ID a03f89d3aaadf737deb09be24986d5bf: ('Connection aborted.', ConnectionResetError(10054, 'An existing connection was forcibly closed by the remote host', None, 10054, None))
2025-12-19 10:14:57 - ERROR - Other error occurred while fetching props for event ID 47a54fb60f7b79179bc80e18a7c5de81: ('Connection aborted.', ConnectionResetError(10054, 'An existing connection was forcibly closed by the remote host', None, 10054, None))
2025-12-19 10:14:58 - ERROR - Other error occurred while fetching props for event ID a0476b027679a1670f21e8b75a860ab9: ('Connection aborted.', ConnectionResetError(10054, 'An existing connection was forcibly closed by the remote host', None, 10054, None))
2025-12-19 10:14:59 - ERROR - Other error occurred while fetching props for event ID 2dd4521ee298fa2c6f0ab009c182aae9: ('Connection aborted.', ConnectionResetError(10054, 'An existing connection was forcibly closed by the remote host', None, 10054, None))
2025-12-19 10:14:59 - ERROR - Other error occurred while fetching props for event ID de07002921b9b2b2e1ee2928e4270a3c: ('Connection aborted.', ConnectionResetError(10054, 'An existing connection was forcibly closed by the remote host', None, 10054, None))
2025-12-19 10:15:00 - ERROR - Other error occurred while fetching props for event ID 29da148b927afea00a7774b2a8ee68e7: ('Connection aborted.', ConnectionResetError(10054, 'An existing connection was forcibly closed by the remote host', None, 10054, None))
2025-12-19 10:15:00 - ERROR - Other error occurred while fetching props for event ID 29164a99a917051c6e1778270033d362: ('Connection aborted.', ConnectionResetError(10054, 'An existing connection was forcibly closed by the remote host', None, 10054, None))
2025-12-19 10:15:01 - ERROR - Other error occurred while fetching props for event ID 832c36c4b6d5132e88cf11391797c194: ('Connection aborted.', ConnectionResetError(10054, 'An existing connection was forcibly closed by the remote host', None, 10054, None))
2025-12-19 10:15:01 - ERROR - Other error occurred while fetching props for event ID 85bead6a72a1952cdd737dcecb55446b: ('Connection aborted.', ConnectionResetError(10054, 'An existing connection was forcibly closed by the remote host', None, 10054, None))
2025-12-19 10:15:02 - ERROR - Other error occurred while fetching props for event ID 7aeff5d5bb88b218c7d72f267a90eb7f: ('Connection aborted.', ConnectionResetError(10054, 'An existing connection was forcibly closed by the remote host', None, 10054, None))
2025-12-19 10:15:02 - ERROR - Other error occurred while fetching props for event ID 8e7a26b4026e4eca7394cc523fa10a64: ('Connection aborted.', ConnectionResetError(10054, 'An existing connection was forcibly closed by the remote host', None, 10054, None))
2025-12-19 10:15:03 - ERROR - Other error occurred while fetching props for event ID e6721ef0adb705a8abcbedc2ef6dfb3a: ('Connection aborted.', ConnectionResetError(10054, 'An existing connection was forcibly closed by the remote host', None, 10054, None))
2025-12-19 10:15:03 - ERROR - Other error occurred while fetching props for event ID f960b282ac197513c9d80bd28baa7e38: ('Connection aborted.', ConnectionResetError(10054, 'An existing connection was forcibly closed by the remote host', None, 10054, None))
2025-12-19 10:15:04 - ERROR - Other error occurred while fetching props for event ID 374166780155b8c14e867face95885ee: ('Connection aborted.', ConnectionResetError(10054, 'An existing connection was forcibly closed by the remote host', None, 10054, None))
2025-12-19 10:15:04 - ERROR - Other error occurred while fetching props for event ID 95bdb9f5b22f0491bfba1381637c5009: ('Connection aborted.', ConnectionResetError(10054, 'An existing connection was forcibly closed by the remote host', None, 10054, None))
2025-12-19 10:15:05 - ERROR - Other error occurred while fetching props for event ID d75c88e4fb7650ab0577264980bdf98f: ('Connection aborted.', ConnectionResetError(10054, 'An existing connection was forcibly closed by the remote host', None, 10054, None))
2025-12-19 10:15:05 - ERROR - Other error occurred while fetching props for event ID dd4aec72c5175cb8cea67d5edc7b1990: ('Connection aborted.', ConnectionResetError(10054, 'An existing connection was forcibly closed by the remote host', None, 10054, None))
2025-12-19 10:15:06 - ERROR - Other error occurred while fetching props for event ID 596df6f5735277fee0cd78e61cd71060: ('Connection aborted.', ConnectionResetError(10054, 'An existing connection was forcibly closed by the remote host', None, 10054, None))
2025-12-19 10:15:06 - ERROR - Other error occurred while fetching props for event ID b0dedebd28a82f8f38398033356e9015: ('Connection aborted.', ConnectionResetError(10054, 'An existing connection was forcibly closed by the remote host', None, 10054, None))
2025-12-19 10:15:07 - ERROR - Other error occurred while fetching props for event ID ea5fe5f603483c8d46f83081cf780397: ('Connection aborted.', ConnectionResetError(10054, 'An existing connection was forcibly closed by the remote host', None, 10054, None))
2025-12-19 10:15:07 - INFO - HTML file with combined bets has been saved as 'index.html'
2025-12-19 10:15:07 - INFO - Excel file 'player_props.xlsx' has been created with filters, sorting, and adjusted column widths.
2025-12-19 10:15:07 - INFO - Processing completed in 0:00:23.647567.
2025-12-19 10:15:07 - INFO - Quota Used: 40
2025-12-23 12:21:05 - INFO - Processing started.
2025-12-23 12:21:11 - INFO - Fetched and filtered 16 events for sport: americanfootball_nfl
2025-12-23 12:21:11 - INFO - Stored props for event ID: de07002921b9b2b2e1ee2928e4270a3c
2025-12-23 12:21:11 - WARNING - Pinnacle data not found for event.
2025-12-23 12:21:12 - INFO - Stored props for event ID: 29da148b927afea00a7774b2a8ee68e7
2025-12-23 12:21:12 - WARNING - Pinnacle data not found for event.
2025-12-23 12:21:12 - INFO - Stored props for event ID: 29164a99a917051c6e1778270033d362
2025-12-23 12:21:12 - WARNING - Pinnacle data not found for event.
2025-12-23 12:21:13 - INFO - Stored props for event ID: 832c36c4b6d5132e88cf11391797c194
2025-12-23 12:21:13 - WARNING - Pinnacle data not found for event.
2025-12-23 12:21:13 - INFO - Stored props for event ID: 85bead6a72a1952cdd737dcecb55446b
2025-12-23 12:21:13 - WARNING - Pinnacle data not found for event.
2025-12-23 12:21:14 - INFO - Stored props for event ID: 7aeff5d5bb88b218c7d72f267a90eb7f
2025-12-23 12:21:14 - WARNING - Pinnacle data not found for event.
2025-12-23 12:21:14 - INFO - Stored props for event ID: 8e7a26b4026e4eca7394cc523fa10a64
2025-12-23 12:21:14 - WARNING - Pinnacle data not found for event.
2025-12-23 12:21:14 - INFO - Stored props for event ID: e6721ef0adb705a8abcbedc2ef6dfb3a
2025-12-23 12:21:14 - WARNING - Pinnacle data not found for event.
2025-12-23 12:21:15 - INFO - Stored props for event ID: f960b282ac197513c9d80bd28baa7e38
2025-12-23 12:21:15 - WARNING - Pinnacle data not found for event.
2025-12-23 12:21:15 - INFO - Stored props for event ID: 374166780155b8c14e867face95885ee
2025-12-23 12:21:15 - WARNING - Pinnacle data not found for event.
2025-12-23 12:21:16 - INFO - Stored props for event ID: 95bdb9f5b22f0491bfba1381637c5009
2025-12-23 12:21:16 - WARNING - Pinnacle data not found for event.
2025-12-23 12:21:16 - INFO - Stored props for event ID: d75c88e4fb7650ab0577264980bdf98f
2025-12-23 12:21:16 - WARNING - Pinnacle data not found for event.
2025-12-23 12:21:16 - INFO - Stored props for event ID: dd4aec72c5175cb8cea67d5edc7b1990
2025-12-23 12:21:16 - WARNING - Pinnacle data not found for event.
2025-12-23 12:21:17 - INFO - Stored props for event ID: 596df6f5735277fee0cd78e61cd71060
2025-12-23 12:21:17 - WARNING - Pinnacle data not found for event.
2025-12-23 12:21:17 - INFO - Stored props for event ID: b0dedebd28a82f8f38398033356e9015
2025-12-23 12:21:17 - WARNING - Pinnacle data not found for event.
2025-12-23 12:21:18 - INFO - Stored props for event ID: ea5fe5f603483c8d46f83081cf780397
2025-12-23 12:21:18 - WARNING - Pinnacle data not found for event.
2025-12-23 12:21:18 - INFO - HTML file with combined bets has been saved as 'index.html'
2025-12-23 12:21:18 - INFO - Excel file 'player_props.xlsx' has been created with filters, sorting, and adjusted column widths.
2025-12-23 12:21:18 - INFO - Processing completed in 0:00:12.735343.
2025-12-23 12:21:18 - INFO - Quota Used: 75
2025-12-24 21:32:40 - INFO - Processing started.
2025-12-24 21:32:48 - INFO - Fetched and filtered 16 events for sport: americanfootball_nfl
2025-12-24 21:32:48 - INFO - Stored props for event ID: de07002921b9b2b2e1ee2928e4270a3c
2025-12-24 21:32:48 - WARNING - Pinnacle data not found for event.
2025-12-24 21:32:49 - INFO - Stored props for event ID: 29da148b927afea00a7774b2a8ee68e7
2025-12-24 21:32:49 - WARNING - Pinnacle data not found for event.
2025-12-24 21:32:49 - INFO - Stored props for event ID: 29164a99a917051c6e1778270033d362
2025-12-24 21:32:49 - WARNING - Pinnacle data not found for event.
2025-12-24 21:32:50 - INFO - Stored props for event ID: 832c36c4b6d5132e88cf11391797c194
2025-12-24 21:32:50 - WARNING - Pinnacle data not found for event.
2025-12-24 21:32:50 - INFO - Stored props for event ID: 85bead6a72a1952cdd737dcecb55446b
2025-12-24 21:32:50 - WARNING - Pinnacle data not found for event.
2025-12-24 21:32:51 - INFO - Stored props for event ID: 7aeff5d5bb88b218c7d72f267a90eb7f
2025-12-24 21:32:51 - WARNING - Pinnacle data not found for event.
2025-12-24 21:32:51 - INFO - Stored props for event ID: 8e7a26b4026e4eca7394cc523fa10a64
2025-12-24 21:32:51 - WARNING - Pinnacle data not found for event.
2025-12-24 21:32:52 - ERROR - HTTP error occurred while fetching props for event ID e6721ef0adb705a8abcbedc2ef6dfb3a: 401 Client Error: Unauthorized for url: https://api.the-odds-api.com/v4/sports/americanfootball_nfl/events/e6721ef0adb705a8abcbedc2ef6dfb3a/odds?apiKey=81d21adfe60b6402965439773a15f073&regions=us&markets=player_anytime_td%2Cplayer_pass_tds%2Cplayer_pass_yds%2Cplayer_pass_completions%2Cplayer_pass_attempts%2Cplayer_pass_interceptions%2Cplayer_rush_yds%2Cplayer_rush_attempts%2Cplayer_receptions%2Cplayer_reception_yds%2Cplayer_kicking_points&oddsFormat=american&bookmakers=betmgm
2025-12-24 21:32:52 - ERROR - HTTP error occurred while fetching props for event ID f960b282ac197513c9d80bd28baa7e38: 401 Client Error: Unauthorized for url: https://api.the-odds-api.com/v4/sports/americanfootball_nfl/events/f960b282ac197513c9d80bd28baa7e38/odds?apiKey=81d21adfe60b6402965439773a15f073&regions=us&markets=player_anytime_td%2Cplayer_pass_tds%2Cplayer_pass_yds%2Cplayer_pass_completions%2Cplayer_pass_attempts%2Cplayer_pass_interceptions%2Cplayer_rush_yds%2Cplayer_rush_attempts%2Cplayer_receptions%2Cplayer_reception_yds%2Cplayer_kicking_points&oddsFormat=american&bookmakers=betmgm
2025-12-24 21:32:53 - ERROR - HTTP error occurred while fetching props for event ID 374166780155b8c14e867face95885ee: 401 Client Error: Unauthorized for url: https://api.the-odds-api.com/v4/sports/americanfootball_nfl/events/374166780155b8c14e867face95885ee/odds?apiKey=81d21adfe60b6402965439773a15f073&regions=us&markets=player_anytime_td%2Cplayer_pass_tds%2Cplayer_pass_yds%2Cplayer_pass_completions%2Cplayer_pass_attempts%2Cplayer_pass_interceptions%2Cplayer_rush_yds%2Cplayer_rush_attempts%2Cplayer_receptions%2Cplayer_reception_yds%2Cplayer_kicking_points&oddsFormat=american&bookmakers=betmgm
2025-12-24 21:32:53 - ERROR - HTTP error occurred while fetching props for event ID 95bdb9f5b22f0491bfba1381637c5009: 401 Client Error: Unauthorized for url: https://api.the-odds-api.com/v4/sports/americanfootball_nfl/events/95bdb9f5b22f0491bfba1381637c5009/odds?apiKey=81d21adfe60b6402965439773a15f073&regions=us&markets=player_anytime_td%2Cplayer_pass_tds%2Cplayer_pass_yds%2Cplayer_pass_completions%2Cplayer_pass_attempts%2Cplayer_pass_interceptions%2Cplayer_rush_yds%2Cplayer_rush_attempts%2Cplayer_receptions%2Cplayer_reception_yds%2Cplayer_kicking_points&oddsFormat=american&bookmakers=betmgm
2025-12-24 21:32:54 - ERROR - HTTP error occurred while fetching props for event ID d75c88e4fb7650ab0577264980bdf98f: 401 Client Error: Unauthorized for url: https://api.the-odds-api.com/v4/sports/americanfootball_nfl/events/d75c88e4fb7650ab0577264980bdf98f/odds?apiKey=81d21adfe60b6402965439773a15f073&regions=us&markets=player_anytime_td%2Cplayer_pass_tds%2Cplayer_pass_yds%2Cplayer_pass_completions%2Cplayer_pass_attempts%2Cplayer_pass_interceptions%2Cplayer_rush_yds%2Cplayer_rush_attempts%2Cplayer_receptions%2Cplayer_reception_yds%2Cplayer_kicking_points&oddsFormat=american&bookmakers=betmgm
2025-12-24 21:32:54 - ERROR - HTTP error occurred while fetching props for event ID dd4aec72c5175cb8cea67d5edc7b1990: 401 Client Error: Unauthorized for url: https://api.the-odds-api.com/v4/sports/americanfootball_nfl/events/dd4aec72c5175cb8cea67d5edc7b1990/odds?apiKey=81d21adfe60b6402965439773a15f073&regions=us&markets=player_anytime_td%2Cplayer_pass_tds%2Cplayer_pass_yds%2Cplayer_pass_completions%2Cplayer_pass_attempts%2Cplayer_pass_interceptions%2Cplayer_rush_yds%2Cplayer_rush_attempts%2Cplayer_receptions%2Cplayer_reception_yds%2Cplayer_kicking_points&oddsFormat=american&bookmakers=betmgm
2025-12-24 21:32:55 - ERROR - HTTP error occurred while fetching props for event ID 596df6f5735277fee0cd78e61cd71060: 401 Client Error: Unauthorized for url: https://api.the-odds-api.com/v4/sports/americanfootball_nfl/events/596df6f5735277fee0cd78e61cd71060/odds?apiKey=81d21adfe60b6402965439773a15f073&regions=us&markets=player_anytime_td%2Cplayer_pass_tds%2Cplayer_pass_yds%2Cplayer_pass_completions%2Cplayer_pass_attempts%2Cplayer_pass_interceptions%2Cplayer_rush_yds%2Cplayer_rush_attempts%2Cplayer_receptions%2Cplayer_reception_yds%2Cplayer_kicking_points&oddsFormat=american&bookmakers=betmgm
2025-12-24 21:32:55 - ERROR - HTTP error occurred while fetching props for event ID b0dedebd28a82f8f38398033356e9015: 401 Client Error: Unauthorized for url: https://api.the-odds-api.com/v4/sports/americanfootball_nfl/events/b0dedebd28a82f8f38398033356e9015/odds?apiKey=81d21adfe60b6402965439773a15f073&regions=us&markets=player_anytime_td%2Cplayer_pass_tds%2Cplayer_pass_yds%2Cplayer_pass_completions%2Cplayer_pass_attempts%2Cplayer_pass_interceptions%2Cplayer_rush_yds%2Cplayer_rush_attempts%2Cplayer_receptions%2Cplayer_reception_yds%2Cplayer_kicking_points&oddsFormat=american&bookmakers=betmgm
2025-12-24 21:32:56 - ERROR - HTTP error occurred while fetching props for event ID ea5fe5f603483c8d46f83081cf780397: 401 Client Error: Unauthorized for url: https://api.the-odds-api.com/v4/sports/americanfootball_nfl/events/ea5fe5f603483c8d46f83081cf780397/odds?apiKey=81d21adfe60b6402965439773a15f073&regions=us&markets=player_anytime_td%2Cplayer_pass_tds%2Cplayer_pass_yds%2Cplayer_pass_completions%2Cplayer_pass_attempts%2Cplayer_pass_interceptions%2Cplayer_rush_yds%2Cplayer_rush_attempts%2Cplayer_receptions%2Cplayer_reception_yds%2Cplayer_kicking_points&oddsFormat=american&bookmakers=betmgm
2025-12-24 21:32:56 - INFO - HTML file with combined bets has been saved as 'index.html'
2025-12-24 21:32:56 - INFO - Excel file 'player_props.xlsx' has been created with filters, sorting, and adjusted column widths.
2025-12-24 21:32:56 - INFO - Processing completed in 0:00:15.738756.
2025-12-24 21:32:56 - INFO - Quota Used: 70
2025-12-31 12:30:01 - INFO - Processing started.
2025-12-31 12:30:08 - INFO - Fetched and filtered 16 events for sport: americanfootball_nfl
2025-12-31 12:30:08 - ERROR - HTTP error occurred while fetching props for event ID 4fd1173e2f647cbbebf6713d39693089: 401 Client Error: Unauthorized for url: https://api.the-odds-api.com/v4/sports/americanfootball_nfl/events/4fd1173e2f647cbbebf6713d39693089/odds?apiKey=81d21adfe60b6402965439773a15f073&regions=us&markets=player_anytime_td%2Cplayer_pass_tds%2Cplayer_pass_yds%2Cplayer_pass_completions%2Cplayer_pass_attempts%2Cplayer_pass_interceptions%2Cplayer_rush_yds%2Cplayer_rush_attempts%2Cplayer_receptions%2Cplayer_reception_yds%2Cplayer_kicking_points&oddsFormat=american&bookmakers=betmgm
2025-12-31 12:30:09 - ERROR - HTTP error occurred while fetching props for event ID c624c615075899bb7be6a39e5eea3b2b: 401 Client Error: Unauthorized for url: https://api.the-odds-api.com/v4/sports/americanfootball_nfl/events/c624c615075899bb7be6a39e5eea3b2b/odds?apiKey=81d21adfe60b6402965439773a15f073&regions=us&markets=player_anytime_td%2Cplayer_pass_tds%2Cplayer_pass_yds%2Cplayer_pass_completions%2Cplayer_pass_attempts%2Cplayer_pass_interceptions%2Cplayer_rush_yds%2Cplayer_rush_attempts%2Cplayer_receptions%2Cplayer_reception_yds%2Cplayer_kicking_points&oddsFormat=american&bookmakers=betmgm
2025-12-31 12:30:09 - ERROR - HTTP error occurred while fetching props for event ID 7906052ca20e6daddf755c7fe3932887: 401 Client Error: Unauthorized for url: https://api.the-odds-api.com/v4/sports/americanfootball_nfl/events/7906052ca20e6daddf755c7fe3932887/odds?apiKey=81d21adfe60b6402965439773a15f073&regions=us&markets=player_anytime_td%2Cplayer_pass_tds%2Cplayer_pass_yds%2Cplayer_pass_completions%2Cplayer_pass_attempts%2Cplayer_pass_interceptions%2Cplayer_rush_yds%2Cplayer_rush_attempts%2Cplayer_receptions%2Cplayer_reception_yds%2Cplayer_kicking_points&oddsFormat=american&bookmakers=betmgm
2025-12-31 12:30:10 - ERROR - HTTP error occurred while fetching props for event ID dad5ec44b4df2b91138872aeb4454e1e: 401 Client Error: Unauthorized for url: https://api.the-odds-api.com/v4/sports/americanfootball_nfl/events/dad5ec44b4df2b91138872aeb4454e1e/odds?apiKey=81d21adfe60b6402965439773a15f073&regions=us&markets=player_anytime_td%2Cplayer_pass_tds%2Cplayer_pass_yds%2Cplayer_pass_completions%2Cplayer_pass_attempts%2Cplayer_pass_interceptions%2Cplayer_rush_yds%2Cplayer_rush_attempts%2Cplayer_receptions%2Cplayer_reception_yds%2Cplayer_kicking_points&oddsFormat=american&bookmakers=betmgm
2025-12-31 12:30:11 - ERROR - HTTP error occurred while fetching props for event ID d48a44e7b45f563282fd042c2104da9b: 401 Client Error: Unauthorized for url: https://api.the-odds-api.com/v4/sports/americanfootball_nfl/events/d48a44e7b45f563282fd042c2104da9b/odds?apiKey=81d21adfe60b6402965439773a15f073&regions=us&markets=player_anytime_td%2Cplayer_pass_tds%2Cplayer_pass_yds%2Cplayer_pass_completions%2Cplayer_pass_attempts%2Cplayer_pass_interceptions%2Cplayer_rush_yds%2Cplayer_rush_attempts%2Cplayer_receptions%2Cplayer_reception_yds%2Cplayer_kicking_points&oddsFormat=american&bookmakers=betmgm
2025-12-31 12:30:11 - ERROR - HTTP error occurred while fetching props for event ID 41fc7f3165cc9dfdb47c25a9decd7c9b: 401 Client Error: Unauthorized for url: https://api.the-odds-api.com/v4/sports/americanfootball_nfl/events/41fc7f3165cc9dfdb47c25a9decd7c9b/odds?apiKey=81d21adfe60b6402965439773a15f073&regions=us&markets=player_anytime_td%2Cplayer_pass_tds%2Cplayer_pass_yds%2Cplayer_pass_completions%2Cplayer_pass_attempts%2Cplayer_pass_interceptions%2Cplayer_rush_yds%2Cplayer_rush_attempts%2Cplayer_receptions%2Cplayer_reception_yds%2Cplayer_kicking_points&oddsFormat=american&bookmakers=betmgm
2025-12-31 12:30:12 - ERROR - HTTP error occurred while fetching props for event ID 26b8cf55eeac1bb05b585132f7dcc0e3: 401 Client Error: Unauthorized for url: https://api.the-odds-api.com/v4/sports/americanfootball_nfl/events/26b8cf55eeac1bb05b585132f7dcc0e3/odds?apiKey=81d21adfe60b6402965439773a15f073&regions=us&markets=player_anytime_td%2Cplayer_pass_tds%2Cplayer_pass_yds%2Cplayer_pass_completions%2Cplayer_pass_attempts%2Cplayer_pass_interceptions%2Cplayer_rush_yds%2Cplayer_rush_attempts%2Cplayer_receptions%2Cplayer_reception_yds%2Cplayer_kicking_points&oddsFormat=american&bookmakers=betmgm
2025-12-31 12:30:13 - ERROR - HTTP error occurred while fetching props for event ID 623e9172767ca231241e2313bbee095e: 401 Client Error: Unauthorized for url: https://api.the-odds-api.com/v4/sports/americanfootball_nfl/events/623e9172767ca231241e2313bbee095e/odds?apiKey=81d21adfe60b6402965439773a15f073&regions=us&markets=player_anytime_td%2Cplayer_pass_tds%2Cplayer_pass_yds%2Cplayer_pass_completions%2Cplayer_pass_attempts%2Cplayer_pass_interceptions%2Cplayer_rush_yds%2Cplayer_rush_attempts%2Cplayer_receptions%2Cplayer_reception_yds%2Cplayer_kicking_points&oddsFormat=american&bookmakers=betmgm
2025-12-31 12:30:13 - ERROR - HTTP error occurred while fetching props for event ID 2f4cf01e2db22ed928eb8f0357a74007: 401 Client Error: Unauthorized for url: https://api.the-odds-api.com/v4/sports/americanfootball_nfl/events/2f4cf01e2db22ed928eb8f0357a74007/odds?apiKey=81d21adfe60b6402965439773a15f073&regions=us&markets=player_anytime_td%2Cplayer_pass_tds%2Cplayer_pass_yds%2Cplayer_pass_completions%2Cplayer_pass_attempts%2Cplayer_pass_interceptions%2Cplayer_rush_yds%2Cplayer_rush_attempts%2Cplayer_receptions%2Cplayer_reception_yds%2Cplayer_kicking_points&oddsFormat=american&bookmakers=betmgm
2025-12-31 12:30:14 - ERROR - HTTP error occurred while fetching props for event ID bd5134e8440a2b12cc8ac98ab4f18093: 401 Client Error: Unauthorized for url: https://api.the-odds-api.com/v4/sports/americanfootball_nfl/events/bd5134e8440a2b12cc8ac98ab4f18093/odds?apiKey=81d21adfe60b6402965439773a15f073&regions=us&markets=player_anytime_td%2Cplayer_pass_tds%2Cplayer_pass_yds%2Cplayer_pass_completions%2Cplayer_pass_attempts%2Cplayer_pass_interceptions%2Cplayer_rush_yds%2Cplayer_rush_attempts%2Cplayer_receptions%2Cplayer_reception_yds%2Cplayer_kicking_points&oddsFormat=american&bookmakers=betmgm
2025-12-31 12:30:15 - ERROR - HTTP error occurred while fetching props for event ID 1a5451b8f0d74f90937c52bec447dc40: 401 Client Error: Unauthorized for url: https://api.the-odds-api.com/v4/sports/americanfootball_nfl/events/1a5451b8f0d74f90937c52bec447dc40/odds?apiKey=81d21adfe60b6402965439773a15f073&regions=us&markets=player_anytime_td%2Cplayer_pass_tds%2Cplayer_pass_yds%2Cplayer_pass_completions%2Cplayer_pass_attempts%2Cplayer_pass_interceptions%2Cplayer_rush_yds%2Cplayer_rush_attempts%2Cplayer_receptions%2Cplayer_reception_yds%2Cplayer_kicking_points&oddsFormat=american&bookmakers=betmgm
2025-12-31 12:30:15 - ERROR - HTTP error occurred while fetching props for event ID 30621f6a1072712bee795c15eafe9768: 401 Client Error: Unauthorized for url: https://api.the-odds-api.com/v4/sports/americanfootball_nfl/events/30621f6a1072712bee795c15eafe9768/odds?apiKey=81d21adfe60b6402965439773a15f073&regions=us&markets=player_anytime_td%2Cplayer_pass_tds%2Cplayer_pass_yds%2Cplayer_pass_completions%2Cplayer_pass_attempts%2Cplayer_pass_interceptions%2Cplayer_rush_yds%2Cplayer_rush_attempts%2Cplayer_receptions%2Cplayer_reception_yds%2Cplayer_kicking_points&oddsFormat=american&bookmakers=betmgm
2025-12-31 12:30:16 - ERROR - HTTP error occurred while fetching props for event ID de4ae000f7f94eecf9d827eabff2991b: 401 Client Error: Unauthorized for url: https://api.the-odds-api.com/v4/sports/americanfootball_nfl/events/de4ae000f7f94eecf9d827eabff2991b/odds?apiKey=81d21adfe60b6402965439773a15f073&regions=us&markets=player_anytime_td%2Cplayer_pass_tds%2Cplayer_pass_yds%2Cplayer_pass_completions%2Cplayer_pass_attempts%2Cplayer_pass_interceptions%2Cplayer_rush_yds%2Cplayer_rush_attempts%2Cplayer_receptions%2Cplayer_reception_yds%2Cplayer_kicking_points&oddsFormat=american&bookmakers=betmgm
2025-12-31 12:30:16 - ERROR - HTTP error occurred while fetching props for event ID d242576b25f56b3f598044c9abfb4df0: 401 Client Error: Unauthorized for url: https://api.the-odds-api.com/v4/sports/americanfootball_nfl/events/d242576b25f56b3f598044c9abfb4df0/odds?apiKey=81d21adfe60b6402965439773a15f073&regions=us&markets=player_anytime_td%2Cplayer_pass_tds%2Cplayer_pass_yds%2Cplayer_pass_completions%2Cplayer_pass_attempts%2Cplayer_pass_interceptions%2Cplayer_rush_yds%2Cplayer_rush_attempts%2Cplayer_receptions%2Cplayer_reception_yds%2Cplayer_kicking_points&oddsFormat=american&bookmakers=betmgm
2025-12-31 12:30:17 - ERROR - HTTP error occurred while fetching props for event ID b6eb23d78a4e1b3bf9946be7cfac0e6b: 401 Client Error: Unauthorized for url: https://api.the-odds-api.com/v4/sports/americanfootball_nfl/events/b6eb23d78a4e1b3bf9946be7cfac0e6b/odds?apiKey=81d21adfe60b6402965439773a15f073&regions=us&markets=player_anytime_td%2Cplayer_pass_tds%2Cplayer_pass_yds%2Cplayer_pass_completions%2Cplayer_pass_attempts%2Cplayer_pass_interceptions%2Cplayer_rush_yds%2Cplayer_rush_attempts%2Cplayer_receptions%2Cplayer_reception_yds%2Cplayer_kicking_points&oddsFormat=american&bookmakers=betmgm
2025-12-31 12:30:18 - ERROR - HTTP error occurred while fetching props for event ID f609b38fe2bf0687644ad8603e28220b: 401 Client Error: Unauthorized for url: https://api.the-odds-api.com/v4/sports/americanfootball_nfl/events/f609b38fe2bf0687644ad8603e28220b/odds?apiKey=81d21adfe60b6402965439773a15f073&regions=us&markets=player_anytime_td%2Cplayer_pass_tds%2Cplayer_pass_yds%2Cplayer_pass_completions%2Cplayer_pass_attempts%2Cplayer_pass_interceptions%2Cplayer_rush_yds%2Cplayer_rush_attempts%2Cplayer_receptions%2Cplayer_reception_yds%2Cplayer_kicking_points&oddsFormat=american&bookmakers=betmgm
2025-12-31 12:30:18 - INFO - HTML file with combined bets has been saved as 'index.html'
2025-12-31 12:30:18 - INFO - Excel file 'player_props.xlsx' has been created with filters, sorting, and adjusted column widths.
2025-12-31 12:30:18 - INFO - Processing completed in 0:00:16.840064.
2025-12-31 12:30:18 - INFO - Quota Used: 0
2026-01-02 08:51:53 - INFO - Processing started.
2026-01-02 08:51:59 - INFO - Fetched and filtered 16 events for sport: americanfootball_nfl
2026-01-02 08:51:59 - INFO - Stored props for event ID: 4fd1173e2f647cbbebf6713d39693089
2026-01-02 08:51:59 - WARNING - Pinnacle data not found for event.
2026-01-02 08:52:00 - INFO - Stored props for event ID: c624c615075899bb7be6a39e5eea3b2b
2026-01-02 08:52:00 - WARNING - Pinnacle data not found for event.
2026-01-02 08:52:00 - INFO - Stored props for event ID: 7906052ca20e6daddf755c7fe3932887
2026-01-02 08:52:00 - WARNING - Pinnacle data not found for event.
2026-01-02 08:52:00 - INFO - Stored props for event ID: dad5ec44b4df2b91138872aeb4454e1e
2026-01-02 08:52:00 - WARNING - Pinnacle data not found for event.
2026-01-02 08:52:01 - INFO - Stored props for event ID: d48a44e7b45f563282fd042c2104da9b
2026-01-02 08:52:01 - WARNING - Pinnacle data not found for event.
2026-01-02 08:52:01 - INFO - Stored props for event ID: 41fc7f3165cc9dfdb47c25a9decd7c9b
2026-01-02 08:52:01 - WARNING - Pinnacle data not found for event.
2026-01-02 08:52:02 - INFO - Stored props for event ID: 26b8cf55eeac1bb05b585132f7dcc0e3
2026-01-02 08:52:02 - WARNING - Pinnacle data not found for event.
2026-01-02 08:52:02 - INFO - Stored props for event ID: 623e9172767ca231241e2313bbee095e
2026-01-02 08:52:02 - WARNING - Pinnacle data not found for event.
2026-01-02 08:52:03 - INFO - Stored props for event ID: 2f4cf01e2db22ed928eb8f0357a74007
2026-01-02 08:52:03 - WARNING - Pinnacle data not found for event.
2026-01-02 08:52:03 - INFO - Stored props for event ID: bd5134e8440a2b12cc8ac98ab4f18093
2026-01-02 08:52:03 - WARNING - Pinnacle data not found for event.
2026-01-02 08:52:03 - INFO - Stored props for event ID: 1a5451b8f0d74f90937c52bec447dc40
2026-01-02 08:52:03 - WARNING - Pinnacle data not found for event.
2026-01-02 08:52:04 - INFO - Stored props for event ID: 30621f6a1072712bee795c15eafe9768
2026-01-02 08:52:04 - WARNING - Pinnacle data not found for event.
2026-01-02 08:52:04 - INFO - Stored props for event ID: de4ae000f7f94eecf9d827eabff2991b
2026-01-02 08:52:04 - WARNING - Pinnacle data not found for event.
2026-01-02 08:52:05 - INFO - Stored props for event ID: d242576b25f56b3f598044c9abfb4df0
2026-01-02 08:52:05 - WARNING - Pinnacle data not found for event.
2026-01-02 08:52:05 - INFO - Stored props for event ID: b6eb23d78a4e1b3bf9946be7cfac0e6b
2026-01-02 08:52:05 - WARNING - Pinnacle data not found for event.
2026-01-02 08:52:06 - INFO - Stored props for event ID: f609b38fe2bf0687644ad8603e28220b
2026-01-02 08:52:06 - WARNING - Pinnacle data not found for event.
2026-01-02 08:52:06 - INFO - HTML file with combined bets has been saved as 'index.html'
2026-01-02 08:52:06 - INFO - Excel file 'player_props.xlsx' has been created with filters, sorting, and adjusted column widths.
2026-01-02 08:52:06 - INFO - Processing completed in 0:00:12.635314.
2026-01-02 08:52:06 - INFO - Quota Used: 110
2026-01-12 07:53:51 - INFO - Processing started.
2026-01-12 07:54:01 - INFO - Fetched and filtered 4 events for sport: americanfootball_nfl
2026-01-12 07:54:02 - INFO - Stored props for event ID: 932813a3782921beb4f7fecdf247865e
2026-01-12 07:54:02 - WARNING - Pinnacle data not found for event.
2026-01-12 07:54:03 - INFO - Stored props for event ID: ea794ebbcb7cbcaf7753c65d0f1a15c8
2026-01-12 07:54:03 - WARNING - Pinnacle data not found for event.
2026-01-12 07:54:03 - INFO - Stored props for event ID: 9161553abe07f4eadf12b071f4f6e3ac
2026-01-12 07:54:03 - WARNING - Pinnacle data not found for event.
2026-01-12 07:54:04 - INFO - Stored props for event ID: 3cb03f5ff8d371b94e8b55c7e58b7a34
2026-01-12 07:54:04 - WARNING - Pinnacle data not found for event.
2026-01-12 07:54:04 - INFO - HTML file with combined bets has been saved as 'index.html'
2026-01-12 07:54:04 - INFO - Excel file 'player_props.xlsx' has been created with filters, sorting, and adjusted column widths.
2026-01-12 07:54:04 - INFO - Processing completed in 0:00:13.398119.
2026-01-12 07:54:04 - INFO - Quota Used: 11
2026-01-22 11:41:08 - INFO - Processing started.
2026-01-22 11:41:14 - INFO - Fetched and filtered 2 events for sport: americanfootball_nfl
2026-01-22 11:41:14 - INFO - Stored props for event ID: f1d11f109fd93364e11f97623bddf652
2026-01-22 11:41:14 - WARNING - Pinnacle data not found for event.
2026-01-22 11:41:15 - INFO - Stored props for event ID: 4bc6eb576f5079baecce8c56689c259a
2026-01-22 11:41:15 - WARNING - Pinnacle data not found for event.
2026-01-22 11:41:15 - INFO - HTML file with combined bets has been saved as 'index.html'
2026-01-22 11:41:15 - INFO - Excel file 'player_props.xlsx' has been created with filters, sorting, and adjusted column widths.
2026-01-22 11:41:15 - INFO - Processing completed in 0:00:07.217576.
2026-01-22 11:41:15 - INFO - Quota Used: 22
